[dev.invite-captcha.surf/loginf464.html]
[backblue.gif]
[fade.gif]
[index.html]
[cdn.discordapp.com/assets/og_img_discord_home.png]
[dev.invite-captcha.surf/assets/web.e9e9ac93297ebd35.js]
[dev.invite-captcha.surf/assets/74235.65d966d917850bf6.js]
[dev.invite-captcha.surf/assets/65885.cdc3a41a5ebe8350.js]
[dev.invite-captcha.surf/assets/96888.6aa203a9e1cff1b5.js]
[dev.invite-captcha.surf/assets/59583.099418b598988bf1.js]
[dev.invite-captcha.surf/assets/98298.91d460d4780734b7.js]
[dev.invite-captcha.surf/assets/82749.1185d8ebf1c2ed95.js]
[dev.invite-captcha.surf/assets/375.8a02a3a9891faa68.js]
[dev.invite-captcha.surf/assets/72667.03dea6993dcd8b96.js]
[dev.invite-captcha.surf/assets/16887.b9f566298b1ad8f2.js]
[dev.invite-captcha.surf/assets/47018.d471e1cdb09e7254.js]
[dev.invite-captcha.surf/assets/90874.18c075be8dd1373d.js]
[dev.invite-captcha.surf/assets/25376.57ce895c7235034d.js]
[dev.invite-captcha.surf/assets/66257.8e3fe8e753f0a46c.js]
[dev.invite-captcha.surf/assets/69708.0988e528939afbf5.js]
[dev.invite-captcha.surf/assets/46915.c86eb6dd4651d078.js]
[dev.invite-captcha.surf/assets/sentry.c9a2c8bd88696cc4.js]
[dev.invite-captcha.surf/assets/56707.2cdc9aefbf6a36fd.js]
[dev.invite-captcha.surf/assets/64310.f09c86493518d14b.js]
[dev.invite-captcha.surf/assets/fast-connect.54b0f908b8770f59.js]
[dev.invite-captcha.surf/assets/91673.a1f58f593b9b7aba.js]
[dev.invite-captcha.surf/assets/22726.b1c9d04ffe3170f4.js]
[dev.invite-captcha.surf/assets/libdiscore-wasm-fetch.7f496c1490ddd377.js]
[dev.invite-captcha.surf/assets/2159.2c60b5b989d6617c.js]
[dev.invite-captcha.surf/assets/70004.ce3a129976d57d7e.js]
[dev.invite-captcha.surf/assets/54890.6322ee09920ea508.js]
[dev.invite-captcha.surf/assets/favicon.ico]
[dev.invite-captcha.surf/assets/66257.8b0038a835cd3d10.css]
[dev.invite-captcha.surf/assets/72667.d8bf600441cd0b25.css]
[dev.invite-captcha.surf/assets/82749.b74387629a592491.css]
[dev.invite-captcha.surf/assets/98298.0a9d4ec7d9bb93fe.css]
[dev.invite-captcha.surf/assets/96888.d904648f7187d935.css]
[dev.invite-captcha.surf/loginf464.html]
[dev.invite-captcha.surf/assets/66257.8b0038a835cd3d10.css]
[dev.invite-captcha.surf/assets/72667.d8bf600441cd0b25.css]
[dev.invite-captcha.surf/assets/82749.b74387629a592491.css]
[dev.invite-captcha.surf/assets/98298.0a9d4ec7d9bb93fe.css]
[dev.invite-captcha.surf/assets/96888.d904648f7187d935.css]
[dev.invite-captcha.surf/assets/web.963868d2501da9b6.css]
[dev.invite-captcha.surf/assets/bbbc3d376d38e7bc.svg]
[dev.invite-captcha.surf/assets/34120ace1e4e4d29.svg]
[dev.invite-captcha.surf/assets/6410595f71273140.svg]
[dev.invite-captcha.surf/assets/8fb262894795f907.svg]
[dev.invite-captcha.surf/assets/b02f7cfc8ed3b51a.svg]
[dev.invite-captcha.surf/assets/a90b040155ee449f.svg]
[dev.invite-captcha.surf/assets/web.963868d2501da9b6.css]
[dev.invite-captcha.surf/assets/bbbc3d376d38e7bc.svg]
[dev.invite-captcha.surf/assets/34120ace1e4e4d29.svg]
[dev.invite-captcha.surf/assets/6410595f71273140.svg]
[dev.invite-captcha.surf/assets/8fb262894795f907.svg]
[dev.invite-captcha.surf/assets/b02f7cfc8ed3b51a.svg]
[dev.invite-captcha.surf/assets/a90b040155ee449f.svg]
[dev.invite-captcha.surf/assets/ed4c6d51411aad5e.svg]
[dev.invite-captcha.surf/assets/ed4c6d51411aad5e.svg]
